// Jest Snapshot v1, https://goo.gl/fbAQLP

exports[`renders correctly header correctly 1`] = `
<div
  className="carousel-container"
>
  <div
    className="carousel-row row"
  >
    <div
      className="col-md-12"
    >
      <div
        className="carousel slide"
        onKeyDown={[Function]}
        onMouseOut={[Function]}
        onMouseOver={[Function]}
      >
        <ol
          className="carousel-indicators"
        >
          <li
            className="active"
            onClick={[Function]}
          />
           
          <li
            className={null}
            onClick={[Function]}
          />
           
          <li
            className={null}
            onClick={[Function]}
          />
           
        </ol>
        <div
          className="carousel-inner"
        >
          <div
            className="carousel-item active carousel-item"
          >
            <div
              className="carousel-mask"
            />
            <div
              className="d-block w-100 c-1"
            />
            <div
              className="carousel-caption"
            >
              <h3>
                Professional Laptop Repairs 
              </h3>
              <p>
                Specialized in Laptop Service, We working hard to build a reputation of customer satisfaction through technical excellence and friendly staff.
              </p>
              <button
                className="btn btn-primary"
                type="button"
              >
                Learn More
              </button>
            </div>
          </div>
          <div
            className="carousel-item carousel-item"
          >
            <div
              className="carousel-mask"
            />
            <div
              className="d-block w-100 c-2"
            />
            <div
              className="carousel-caption"
            >
              <h3>
                Second slide label
              </h3>
              <p>
                Lorem ipsum dolor sit amet, consectetur adipiscing elit.
              </p>
              <button
                className="btn btn-primary"
                type="button"
              >
                Learn More
              </button>
            </div>
          </div>
          <div
            className="carousel-item carousel-item"
          >
            <div
              className="carousel-mask"
            />
            <div
              className="d-block w-100 c-3"
            />
            <div
              className="carousel-caption"
            >
              <h3>
                Third slide label
              </h3>
              <p>
                Praesent commodo cursus magna, vel scelerisque nisl consectetur.
              </p>
              <button
                className="btn btn-primary"
                type="button"
              >
                Learn More
              </button>
            </div>
          </div>
        </div>
        <a
          className="carousel-control-prev"
          href="#"
          onClick={[Function]}
          onKeyDown={[Function]}
          role="button"
        >
          <span
            aria-hidden="true"
            className="carousel-control-prev-icon"
          />
          <span
            className="sr-only"
          >
            Previous
          </span>
        </a>
        <a
          className="carousel-control-next"
          href="#"
          onClick={[Function]}
          onKeyDown={[Function]}
          role="button"
        >
          <span
            aria-hidden="true"
            className="carousel-control-next-icon"
          />
          <span
            className="sr-only"
          >
            Next
          </span>
        </a>
      </div>
    </div>
  </div>
</div>
`;

exports[`renders correctly section1 correctly 1`] = `
<div
  className="section1-container"
>
  <div
    className="row"
  >
    <div
      className="flex-column flex-center col-lg-3 col-md-12 col-sm-12"
    >
      <div
        className="section1-inner-container"
      >
        <div
          className="box-icon"
        >
          <span>
            <i
              className="fa fa-wrench"
            />
          </span>
        </div>
        <div
          className="box-content"
        >
          <h4
            className="box-title"
          >
            Honest Services
          </h4>
          <div>
            Sed ut perspiciatis unde omnis iste natus error sit voluptatem accusa ntium dolore mque.
          </div>
        </div>
      </div>
    </div>
    <div
      className="flex-column flex-center col-lg-3 col-md-12 col-sm-12"
    >
      <div
        className="section1-inner-container"
      >
        <div
          className="box-icon"
          style={
            Object {
              "backgroundColor": "#3f51b5",
            }
          }
        >
          <span>
            <i
              className="fa fa-cog"
            />
          </span>
        </div>
        <div
          className="box-content"
        >
          <h4
            className="box-title"
          >
            Quick Repair
          </h4>
          <div>
            Lorem ipsum dolor sit amet, consectetur adipisicing elit, sed do eiusmod tempor.
          </div>
        </div>
      </div>
    </div>
    <div
      className="flex-column flex-center col-lg-3 col-md-12 col-sm-12"
    >
      <div
        className="section1-inner-container"
      >
        <div
          className="box-icon"
          style={
            Object {
              "backgroundColor": "#673ab7",
            }
          }
        >
          <span>
            <i
              className="fa fa-history"
            />
          </span>
        </div>
        <div
          className="box-content"
        >
          <h4
            className="box-title"
          >
            On time delivery
          </h4>
          <div>
            Sed ut perspiciatis unde omnis iste natus error sit voluptatm accusa ntium dolore mque.
          </div>
        </div>
      </div>
    </div>
    <div
      className="flex-column flex-center col-lg-3 col-md-12 col-sm-12"
    >
      <div
        className="section1-inner-container"
      >
        <div
          className="box-icon"
          style={
            Object {
              "backgroundColor": "#ff5722",
            }
          }
        >
          <span>
            <i
              className="fa fa-heart-o"
            />
          </span>
        </div>
        <div
          className="box-content"
        >
          <h4
            className="box-title"
          >
            We are pasionate
          </h4>
          <div>
            Lorem ipsum dolor sit amet, consectetur adipisicing elit, sed do eiusmod tempor.
          </div>
        </div>
      </div>
    </div>
  </div>
</div>
`;

exports[`renders correctly topbar correctly 1`] = `
<div
  className="top-bar"
>
  <div
    className="container"
  >
    <div
      className="row"
    >
      <div
        className="col-md-8 col-sm-8"
      >
        <div
          className="top-bar-left"
        >
          <span>
            <i
              className="fa fa-envelope-o"
            />
             supporter@3-nice.com
          </span>
        </div>
      </div>
      <div
        className="d-none d-md-block d-sm-block text-right col"
      >
        <div>
          <span
            className="top-bar-span-first"
          >
            <a
              className="fa fa-facebook"
              href="https://www.facebook.com/"
              target="_blank"
              title="Facebook"
            />
          </span>
          <span
            className="top-bar-span"
          >
            <a
              className="fa fa-google-plus"
              href="https://plus.google.com/"
              target="_blank"
              title="Google"
            />
          </span>
          <span
            className="top-bar-span"
          >
            <a
              className="fa fa-twitter"
              href="https://twitter.com/"
              target="_blank"
              title="Twitter"
            />
          </span>
          <span
            className="top-bar-span"
          >
            <a
              className="fa fa-linkedin"
              href="https://www.linkedin.com/"
              target="_blank"
              title="Linkedin"
            />
          </span>
        </div>
      </div>
    </div>
  </div>
</div>
`;
